This is pdfTeX, Version 3.141592653-2.6-1.40.29 (TeX Live 2026/Arch Linux) (preloaded format=pdflatex 2026.7.22)  21 SEP 2026 10:56
entering extended mode
 restricted \write18 enabled.
 file:line:error style messages enabled.
 %&-line parsing enabled.
**/home/sklave/projects/simple_pager/lionsos/components/pager/documentation/writeup.tex
(/home/sklave/projects/simple_pager/lionsos/components/pager/documentation/writeup.tex
LaTeX2e <2025-11-01>
L3 programming layer <2026-01-19>
(/usr/share/texmf-dist/tex/latex/base/article.cls
Document Class: article 2025/01/22 v1.4n Standard LaTeX document class
(/usr/share/texmf-dist/tex/latex/base/size10.clo
File: size10.clo 2025/01/22 v1.4n Standard LaTeX file (size option)
)
\c@part=\count275
\c@section=\count276
\c@subsection=\count277
\c@subsubsection=\count278
\c@paragraph=\count279
\c@subparagraph=\count280
\c@figure=\count281
\c@table=\count282
\abovecaptionskip=\skip49
\belowcaptionskip=\skip50
\bibindent=\dimen148
) (/usr/share/texmf-dist/tex/latex/hyperref/hyperref.sty
Package: hyperref 2026-01-29 v7.01p Hypertext links for LaTeX
 (/usr/share/texmf-dist/tex/generic/iftex/iftex.sty
Package: iftex 2024/12/12 v1.0g TeX engine tests
) (/usr/share/texmf-dist/tex/latex/graphics/keyval.sty
Package: keyval 2022/05/29 v1.15 key=value parser (DPC)
\KV@toks@=\toks17
) (/usr/share/texmf-dist/tex/latex/kvsetkeys/kvsetkeys.sty
Package: kvsetkeys 2022-10-05 v1.19 Key value parser (HO)
) (/usr/share/texmf-dist/tex/generic/kvdefinekeys/kvdefinekeys.sty
Package: kvdefinekeys 2019-12-19 v1.6 Define keys (HO)
) (/usr/share/texmf-dist/tex/generic/pdfescape/pdfescape.sty
Package: pdfescape 2019/12/09 v1.15 Implements pdfTeX's escape features (HO)
 (/usr/share/texmf-dist/tex/generic/ltxcmds/ltxcmds.sty
Package: ltxcmds 2023-12-04 v1.26 LaTeX kernel commands for general use (HO)
) (/usr/share/texmf-dist/tex/generic/pdftexcmds/pdftexcmds.sty
Package: pdftexcmds 2020-06-27 v0.33 Utility functions of pdfTeX for LuaTeX (HO)
 (/usr/share/texmf-dist/tex/generic/infwarerr/infwarerr.sty
Package: infwarerr 2019/12/03 v1.5 Providing info/warning/error messages (HO)
)
Package pdftexcmds Info: \pdf@primitive is available.
Package pdftexcmds Info: \pdf@ifprimitive is available.
Package pdftexcmds Info: \pdfdraftmode found.
)) (/usr/share/texmf-dist/tex/latex/hycolor/hycolor.sty
Package: hycolor 2020-01-27 v1.10 Color options for hyperref/bookmark (HO)
) (/usr/share/texmf-dist/tex/latex/hyperref/nameref.sty
Package: nameref 2026-01-29 v2.58 Cross-referencing by name of section
 (/usr/share/texmf-dist/tex/latex/refcount/refcount.sty
Package: refcount 2019/12/15 v3.6 Data extraction from label references (HO)
) (/usr/share/texmf-dist/tex/generic/gettitlestring/gettitlestring.sty
Package: gettitlestring 2019/12/15 v1.6 Cleanup title references (HO)
 (/usr/share/texmf-dist/tex/latex/kvoptions/kvoptions.sty
Package: kvoptions 2022-06-15 v3.15 Key value format for package options (HO)
))
\c@section@level=\count283
) (/usr/share/texmf-dist/tex/latex/etoolbox/etoolbox.sty
Package: etoolbox 2025/10/02 v2.5m e-TeX tools for LaTeX (JAW)
\etb@tempcnta=\count284
) (/usr/share/texmf-dist/tex/generic/stringenc/stringenc.sty
Package: stringenc 2019/11/29 v1.12 Convert strings between diff. encodings (HO)
)
\@linkdim=\dimen149
\Hy@linkcounter=\count285
\Hy@pagecounter=\count286
 (/usr/share/texmf-dist/tex/latex/hyperref/pd1enc.def
File: pd1enc.def 2026-01-29 v7.01p Hyperref: PDFDocEncoding definition (HO)
Now handling font encoding PD1 ...
... no UTF-8 mapping file for font encoding PD1
) (/usr/share/texmf-dist/tex/generic/intcalc/intcalc.sty
Package: intcalc 2019/12/15 v1.3 Expandable calculations with integers (HO)
)
\Hy@SavedSpaceFactor=\count287
 (/usr/share/texmf-dist/tex/latex/hyperref/puenc.def
File: puenc.def 2026-01-29 v7.01p Hyperref: PDF Unicode definition (HO)
Now handling font encoding PU ...
... no UTF-8 mapping file for font encoding PU
)
Package hyperref Info: Hyper figures OFF on input line 4201.
Package hyperref Info: Link nesting OFF on input line 4206.
Package hyperref Info: Hyper index ON on input line 4209.
Package hyperref Info: Plain pages OFF on input line 4216.
Package hyperref Info: Backreferencing OFF on input line 4221.
Package hyperref Info: Implicit mode ON; LaTeX internals redefined.
Package hyperref Info: Bookmarks ON on input line 4468.
\c@Hy@tempcnt=\count288
 (/usr/share/texmf-dist/tex/latex/url/url.sty
\Urlmuskip=\muskip17
Package: url 2013/09/16  ver 3.4  Verb mode for urls, etc.
)
LaTeX Info: Redefining \url on input line 4807.
\XeTeXLinkMargin=\dimen150
 (/usr/share/texmf-dist/tex/generic/bitset/bitset.sty
Package: bitset 2019/12/09 v1.3 Handle bit-vector datatype (HO)
 (/usr/share/texmf-dist/tex/generic/bigintcalc/bigintcalc.sty
Package: bigintcalc 2019/12/15 v1.5 Expandable calculations on big integers (HO)
))
\Fld@menulength=\count289
\Field@Width=\dimen151
\Fld@charsize=\dimen152
Package hyperref Info: Hyper figures OFF on input line 6084.
Package hyperref Info: Link nesting OFF on input line 6089.
Package hyperref Info: Hyper index ON on input line 6092.
Package hyperref Info: backreferencing OFF on input line 6099.
Package hyperref Info: Link coloring OFF on input line 6104.
Package hyperref Info: Link coloring with OCG OFF on input line 6109.
Package hyperref Info: PDF/A mode OFF on input line 6114.
\Hy@abspage=\count290
\c@Item=\count291
\c@Hfootnote=\count292
)
Package hyperref Info: Driver: hpdftex.
 (/usr/share/texmf-dist/tex/latex/hyperref/hpdftex.def
File: hpdftex.def 2026-01-29 v7.01p Hyperref driver for pdfTeX
\Fld@listcount=\count293
\c@bookmark@seq@number=\count294
 (/usr/share/texmf-dist/tex/latex/rerunfilecheck/rerunfilecheck.sty
Package: rerunfilecheck 2025-06-21 v1.11 Rerun checks for auxiliary files (HO)
 (/usr/share/texmf-dist/tex/generic/uniquecounter/uniquecounter.sty
Package: uniquecounter 2019/12/15 v1.4 Provide unlimited unique counter (HO)
)
Package uniquecounter Info: New unique counter `rerunfilecheck' on input line 284.
)
\Hy@SectionHShift=\skip51
) (/usr/share/texmf-dist/tex/latex/float/float.sty
Package: float 2001/11/08 v1.3d Float enhancements (AL)
\c@float@type=\count295
\float@exts=\toks18
\float@box=\box53
\@float@everytoks=\toks19
\@floatcapt=\box54
) (/usr/share/texmf-dist/tex/latex/graphics/graphicx.sty
Package: graphicx 2024/12/31 v1.2e Enhanced LaTeX Graphics (DPC,SPQR)
 (/usr/share/texmf-dist/tex/latex/graphics/graphics.sty
Package: graphics 2024/08/06 v1.4g Standard LaTeX Graphics (DPC,SPQR)
 (/usr/share/texmf-dist/tex/latex/graphics/trig.sty
Package: trig 2023/12/02 v1.11 sin cos tan (DPC)
) (/usr/share/texmf-dist/tex/latex/graphics-cfg/graphics.cfg
File: graphics.cfg 2016/06/04 v1.11 sample graphics configuration
)
Package graphics Info: Driver file: pdftex.def on input line 106.
 (/usr/share/texmf-dist/tex/latex/graphics-def/pdftex.def
File: pdftex.def 2025/09/29 v1.2d Graphics/color driver for pdftex
))
\Gin@req@height=\dimen153
\Gin@req@width=\dimen154
) (/usr/share/texmf-dist/tex/latex/l3backend/l3backend-pdftex.def
File: l3backend-pdftex.def 2025-10-09 L3 backend support: PDF output (pdfTeX)
\l__color_backend_stack_int=\count296
) (./writeup.aux)
\openout1 = `writeup.aux'.

LaTeX Font Info:    Checking defaults for OML/cmm/m/it on input line 6.
LaTeX Font Info:    ... okay on input line 6.
LaTeX Font Info:    Checking defaults for OMS/cmsy/m/n on input line 6.
LaTeX Font Info:    ... okay on input line 6.
LaTeX Font Info:    Checking defaults for OT1/cmr/m/n on input line 6.
LaTeX Font Info:    ... okay on input line 6.
LaTeX Font Info:    Checking defaults for T1/cmr/m/n on input line 6.
LaTeX Font Info:    ... okay on input line 6.
LaTeX Font Info:    Checking defaults for TS1/cmr/m/n on input line 6.
LaTeX Font Info:    ... okay on input line 6.
LaTeX Font Info:    Checking defaults for OMX/cmex/m/n on input line 6.
LaTeX Font Info:    ... okay on input line 6.
LaTeX Font Info:    Checking defaults for U/cmr/m/n on input line 6.
LaTeX Font Info:    ... okay on input line 6.
LaTeX Font Info:    Checking defaults for PD1/pdf/m/n on input line 6.
LaTeX Font Info:    ... okay on input line 6.
LaTeX Font Info:    Checking defaults for PU/pdf/m/n on input line 6.
LaTeX Font Info:    ... okay on input line 6.
Package hyperref Info: Link coloring OFF on input line 6.
\@outlinefile=\write3
\openout3 = `writeup.out'.

 (/usr/share/texmf-dist/tex/context/base/mkii/supp-pdf.mkii
[Loading MPS to PDF converter (version 2006.09.02).]
\scratchcounter=\count297
\scratchdimen=\dimen155
\scratchbox=\box55
\nofMPsegments=\count298
\nofMParguments=\count299
\everyMPshowfont=\toks20
\MPscratchCnt=\count300
\MPscratchDim=\dimen156
\MPnumerator=\count301
\makeMPintoPDFobject=\count302
\everyMPtoPDFconversion=\toks21
) (/usr/share/texmf-dist/tex/latex/epstopdf-pkg/epstopdf-base.sty
Package: epstopdf-base 2020-01-24 v2.11 Base part for package epstopdf
Package epstopdf-base Info: Redefining graphics rule for `.eps' on input line 485.
 (/usr/share/texmf-dist/tex/latex/latexconfig/epstopdf-sys.cfg
File: epstopdf-sys.cfg 2010/07/13 v1.3 Configuration of (r)epstopdf for TeX Live
))
/home/sklave/projects/simple_pager/lionsos/components/pager/documentation/writeup.tex:10: Undefined control sequence.
l.10 \citet
           {Chen_JWLLLWHLYWYPX_24} claim that microkernels are inherently di...
The control sequence at the end of the top line
of your error message was never \def'ed. If you have
misspelled it (e.g., `\hobx'), type `I' and the correct
spelling (e.g., `I\hbox'). Otherwise just continue,
and I'll forget about whatever was undefined.

/home/sklave/projects/simple_pager/lionsos/components/pager/documentation/writeup.tex:10: Missing $ inserted.
<inserted text> 
                $
l.10 \citet{Chen_
                 JWLLLWHLYWYPX_24} claim that microkernels are inherently di...
I've inserted a begin-math/end-math symbol since I think
you left one out. Proceed, with fingers crossed.

LaTeX Font Info:    External font `cmex10' loaded for size
(Font)              <7> on input line 10.
LaTeX Font Info:    External font `cmex10' loaded for size
(Font)              <5> on input line 10.
/home/sklave/projects/simple_pager/lionsos/components/pager/documentation/writeup.tex:10: Extra }, or forgotten $.
l.10 \citet{Chen_JWLLLWHLYWYPX_24}
                                   claim that microkernels are inherently di...
I've deleted a group-closing symbol because it seems to be
spurious, as in `$x}$'. But perhaps the } is legitimate and
you forgot something else, as in `\hbox{$x}'. In such cases
the way to recover is to insert both the forgotten and the
deleted material, e.g., by typing `I$}'.

/home/sklave/projects/simple_pager/lionsos/components/pager/documentation/writeup.tex:13: Undefined control sequence.
l.13 \citet
           {Chen_JWLLLWHLYWYPX_24} make the claim that a ``significant perfo...
The control sequence at the end of the top line
of your error message was never \def'ed. If you have
misspelled it (e.g., `\hobx'), type `I' and the correct
spelling (e.g., `I\hbox'). Otherwise just continue,
and I'll forget about whatever was undefined.

/home/sklave/projects/simple_pager/lionsos/components/pager/documentation/writeup.tex:14: Missing $ inserted.
<inserted text> 
                $
l.14 ...ndling of anonymous page faults 3.4$\times
                                                  $ slower than Linux''.
I've inserted a begin-math/end-math symbol since I think
you left one out. Proceed, with fingers crossed.


Overfull \hbox (2278.77742pt too wide) in paragraph at lines 9--15
\OT1/cmr/m/n/10 dling to re-duce startup la-tency for the user. Chen$[]\OML/cmm/m/it/10 WLLLWHLYWYPX[]\OT1/cmr/m/n/10 4\OML/cmm/m/it/10 claimthatmicrokernelsareinherentlydisadvantagedwhenservicingapagefault:Onamicrokernel; thefaultmustberedirectedtothememorypagerserver; whichusesakernelinvocationtomapthepagetoamemoryframe; usingacapabilitytotheframetodoso:Incontrast; onamonolithickernel; thefaultcanbedirectlyservicedbythekernel:[]maketheclaimthata\OT1/cmr/m/n/10 \\OML/cmm/m/it/10 significantperformancedegradation\OT1/cmr/m/n/10 [\OML/cmm/m/it/10 :::\OT1/cmr/m/n/10 ]\OML/cmm/m/it/10 duetotheslowpagingprocedureofanonymousmemory[]isobserved; thatis\OT1/cmr/m/n/10 \\OML/cmm/m/it/10 primarilyduetotheextraround \OMS/cmsy/m/n/10 ^^@
 []


Overfull \hbox (1003.25853pt too wide) in paragraph at lines 9--15
\OML/cmm/m/it/10 tripfromthekerneltothepager[]:Asecondaryclaimisthat\OT1/cmr/m/n/10 \\OML/cmm/m/it/10 capabilities\OT1/cmr/m/n/10 [\OML/cmm/m/it/10 :::\OT1/cmr/m/n/10 ]\OML/cmm/m/it/10 introducesignificantperformanceoverheadduetothefrequentupdatingofsomekernelobjects\OT1/cmr/m/n/10 (\OML/cmm/m/it/10 e:g:; thepagetable\OT1/cmr/m/n/10 )\OML/cmm/m/it/10 managedoutsidethekernelandinhibitefficientcooperationbetweenthem\OT1/cmr/m/n/10 [\OML/cmm/m/it/10 :::\OT1/cmr/m/n/10 ]\OML/cmm/m/it/10 causingthehandlingofanonymouspagefaults\OT1/cmr/m/n/10 3\OML/cmm/m/it/10 :\OT1/cmr/m/n/10 4$$\OMS/cmsy/m/n/10 ^^B$
 []

/home/sklave/projects/simple_pager/lionsos/components/pager/documentation/writeup.tex:16: Undefined control sequence.
l.16 ...anager server to implement policies \citep
                                                  {Chen_JWLLLWHLYWYPX_24}.
The control sequence at the end of the top line
of your error message was never \def'ed. If you have
misspelled it (e.g., `\hobx'), type `I' and the correct
spelling (e.g., `I\hbox'). Otherwise just continue,
and I'll forget about whatever was undefined.

/home/sklave/projects/simple_pager/lionsos/components/pager/documentation/writeup.tex:16: Missing $ inserted.
<inserted text> 
                $
l.16 ... server to implement policies \citep{Chen_
                                                  JWLLLWHLYWYPX_24}.
I've inserted a begin-math/end-math symbol since I think
you left one out. Proceed, with fingers crossed.

/home/sklave/projects/simple_pager/lionsos/components/pager/documentation/writeup.tex:16: Extra }, or forgotten $.
l.16 ...ent policies \citep{Chen_JWLLLWHLYWYPX_24}
                                                  .
I've deleted a group-closing symbol because it seems to be
spurious, as in `$x}$'. But perhaps the } is legitimate and
you forgot something else, as in `\hbox{$x}'. In such cases
the way to recover is to insert both the forgotten and the
deleted material, e.g., by typing `I$}'.

/home/sklave/projects/simple_pager/lionsos/components/pager/documentation/writeup.tex:17: Undefined control sequence.
l.17 ...from Liedtke's minimality principle \citep
                                                  {Liedtke_95}, and we belie...
The control sequence at the end of the top line
of your error message was never \def'ed. If you have
misspelled it (e.g., `\hobx'), type `I' and the correct
spelling (e.g., `I\hbox'). Otherwise just continue,
and I'll forget about whatever was undefined.

/home/sklave/projects/simple_pager/lionsos/components/pager/documentation/writeup.tex:18: Missing $ inserted.
<inserted text> 
                $
l.18 
     
I've inserted a begin-math/end-math symbol since I think
you left one out. Proceed, with fingers crossed.


Overfull \hbox (445.43987pt too wide) in paragraph at lines 16--18
\OT1/cmr/m/n/10 Chen$[]\OML/cmm/m/it/10 WLLLWHLYWYPX[]\OT1/cmr/m/n/10 4\OML/cmm/m/it/10 :ThisdepartsfromLiedtke[]sminimalityprinciple[]; andwebelievethattheirjustificationforthisdesignchoiceisnotsufficientlysubstantiated:$ 
 []

<mpfl-hm.png, id=4, 2780.3875pt x 863.225pt>
File: mpfl-hm.png Graphic file (type png)
<use mpfl-hm.png>
Package pdftex.def Info: mpfl-hm.png  used on input line 22.
(pdftex.def)             Requested size: 2780.38075pt x 863.2229pt.
/home/sklave/projects/simple_pager/lionsos/components/pager/documentation/writeup.tex:27: Undefined control sequence.
l.27     Source: \citep
                       {Chen_JWLLLWHLYWYPX_24}
The control sequence at the end of the top line
of your error message was never \def'ed. If you have
misspelled it (e.g., `\hobx'), type `I' and the correct
spelling (e.g., `I\hbox'). Otherwise just continue,
and I'll forget about whatever was undefined.

/home/sklave/projects/simple_pager/lionsos/components/pager/documentation/writeup.tex:27: Missing $ inserted.
<inserted text> 
                $
l.27     Source: \citep{Chen_
                             JWLLLWHLYWYPX_24}
I've inserted a begin-math/end-math symbol since I think
you left one out. Proceed, with fingers crossed.

/home/sklave/projects/simple_pager/lionsos/components/pager/documentation/writeup.tex:27: Extra }, or forgotten $.
l.27     Source: \citep{Chen_JWLLLWHLYWYPX_24}
                                              
I've deleted a group-closing symbol because it seems to be
spurious, as in `$x}$'. But perhaps the } is legitimate and
you forgot something else, as in `\hbox{$x}'. In such cases
the way to recover is to insert both the forgotten and the
deleted material, e.g., by typing `I$}'.

/home/sklave/projects/simple_pager/lionsos/components/pager/documentation/writeup.tex:28: Missing $ inserted.
<inserted text> 
                $
l.28 \end{figure}
                 
I've inserted a begin-math/end-math symbol since I think
you left one out. Proceed, with fingers crossed.

/home/sklave/projects/simple_pager/lionsos/components/pager/documentation/writeup.tex:28: Missing } inserted.
<inserted text> 
                }
l.28 \end{figure}
                 
I've inserted something that you may have forgotten.
(See the <inserted text> above.)
With luck, this will get me unwedged. But if you
really didn't forget anything, try typing `2' now; then
my insertion and my current dilemma will both disappear.


LaTeX Warning: Reference `mpfl-hm' on page 1 undefined on input line 30.

/home/sklave/projects/simple_pager/lionsos/components/pager/documentation/writeup.tex:30: Undefined control sequence.
l.30 ...rovement of page fault latency that \citet
                                                  {Chen_JWLLLWHLYWYPX_24} ac...
The control sequence at the end of the top line
of your error message was never \def'ed. If you have
misspelled it (e.g., `\hobx'), type `I' and the correct
spelling (e.g., `I\hbox'). Otherwise just continue,
and I'll forget about whatever was undefined.

/home/sklave/projects/simple_pager/lionsos/components/pager/documentation/writeup.tex:30: Missing $ inserted.
<inserted text> 
                $
l.30 ...nt of page fault latency that \citet{Chen_
                                                  JWLLLWHLYWYPX_24} achieved...
I've inserted a begin-math/end-math symbol since I think
you left one out. Proceed, with fingers crossed.

/home/sklave/projects/simple_pager/lionsos/components/pager/documentation/writeup.tex:30: Extra }, or forgotten $.
l.30 ...latency that \citet{Chen_JWLLLWHLYWYPX_24}
                                                   achieved in the HongMeng ...
I've deleted a group-closing symbol because it seems to be
spurious, as in `$x}$'. But perhaps the } is legitimate and
you forgot something else, as in `\hbox{$x}'. In such cases
the way to recover is to insert both the forgotten and the
deleted material, e.g., by typing `I$}'.

/home/sklave/projects/simple_pager/lionsos/components/pager/documentation/writeup.tex:32: Missing $ inserted.
<inserted text> 
                $
l.32 
     
I've inserted a begin-math/end-math symbol since I think
you left one out. Proceed, with fingers crossed.


Overfull \hbox (1127.50322pt too wide) in paragraph at lines 30--32
[] \OT1/cmr/m/n/10 shows the per-for-mance im-prove-ment of page fault la-tency that Chen$[]\OML/cmm/m/it/10 WLLLWHLYWYPX[]\OT1/cmr/m/n/10 4\OML/cmm/m/it/10 achievedintheHongMengkernelbymovingthepagerintothekernel:OnthePi\OT1/cmr/m/n/10 4\OML/cmm/m/it/10 b; theyrecordalatencyreductionof\OT1/cmr/m/n/10 72%\OML/cmm/m/it/10 =\OT1/cmr/m/n/10 33%\OML/cmm/m/it/10 onPi\OT1/cmr/m/n/10 4\OML/cmm/m/it/10 band\OT1/cmr/m/n/10 75%\OML/cmm/m/it/10 =\OT1/cmr/m/n/10 55%\OML/cmm/m/it/10 onKirin\OT1/cmr/m/n/10 9000(\OML/cmm/m/it/10 littlecore\OT1/cmr/m/n/10 )\OML/cmm/m/it/10 :TheLinuxversionsusedforcomparisonhereare\OT1/cmr/m/n/10 6\OML/cmm/m/it/10 :\OT1/cmr/m/n/10 1\OML/cmm/m/it/10 forPi\OT1/cmr/m/n/10 4\OML/cmm/m/it/10 band\OT1/cmr/m/n/10 5\OML/cmm/m/it/10 :\OT1/cmr/m/n/10 10\OML/cmm/m/it/10 forKirin:$ 
 []

/home/sklave/projects/simple_pager/lionsos/components/pager/documentation/writeup.tex:34: Undefined control sequence.
l.34 ...rformance degradation as claimed by \citet
                                                  {Chen_JWLLLWHLYWYPX_24}.
The control sequence at the end of the top line
of your error message was never \def'ed. If you have
misspelled it (e.g., `\hobx'), type `I' and the correct
spelling (e.g., `I\hbox'). Otherwise just continue,
and I'll forget about whatever was undefined.

/home/sklave/projects/simple_pager/lionsos/components/pager/documentation/writeup.tex:34: Missing $ inserted.
<inserted text> 
                $
l.34 ...nce degradation as claimed by \citet{Chen_
                                                  JWLLLWHLYWYPX_24}.
I've inserted a begin-math/end-math symbol since I think
you left one out. Proceed, with fingers crossed.

/home/sklave/projects/simple_pager/lionsos/components/pager/documentation/writeup.tex:34: Extra }, or forgotten $.
l.34 ...s claimed by \citet{Chen_JWLLLWHLYWYPX_24}
                                                  .
I've deleted a group-closing symbol because it seems to be
spurious, as in `$x}$'. But perhaps the } is legitimate and
you forgot something else, as in `\hbox{$x}'. In such cases
the way to recover is to insert both the forgotten and the
deleted material, e.g., by typing `I$}'.

/home/sklave/projects/simple_pager/lionsos/components/pager/documentation/writeup.tex:37: Undefined control sequence.
l.37 ...us page fault latency experiment of \citet
                                                  {Chen_JWLLLWHLYWYPX_24}, d...
The control sequence at the end of the top line
of your error message was never \def'ed. If you have
misspelled it (e.g., `\hobx'), type `I' and the correct
spelling (e.g., `I\hbox'). Otherwise just continue,
and I'll forget about whatever was undefined.

/home/sklave/projects/simple_pager/lionsos/components/pager/documentation/writeup.tex:38: Missing $ inserted.
<inserted text> 
                $
l.38 
     
I've inserted a begin-math/end-math symbol since I think
you left one out. Proceed, with fingers crossed.


Overfull \hbox (94.14117pt too wide) in paragraph at lines 34--38
\OT1/cmr/m/n/10 Chen$[]\OML/cmm/m/it/10 WLLLWHLYWYPX[]\OT1/cmr/m/n/10 4\OML/cmm/m/it/10 :Itshouldbepossibletoimplementperformant\OT1/cmr/m/n/10 (\OML/cmm/m/it/10 similartoLinux\OT1/cmr/m/n/10 )\OML/cmm/m/it/10 user \OMS/cmsy/m/n/10 ^^@
 []


Overfull \hbox (16.46927pt too wide) in paragraph at lines 34--38
\OML/cmm/m/it/10 spacepagingwithoutcompromisingonaprincipledmicrokerneldesign:Thus; auser \OMS/cmsy/m/n/10 ^^@
 []


Overfull \hbox (1164.17493pt too wide) in paragraph at lines 34--38
\OML/cmm/m/it/10 spacepageronLionsOS\OT1/cmr/m/n/10 (\OML/cmm/m/it/10 whichisbasedonseL\OT1/cmr/m/n/10 4)\OML/cmm/m/it/10 shoulddemonstratethatprivateanonymouspagefaultlatencysimilartothatofLinuxcanbeachievedonatraditional\OT1/cmr/m/n/10 (\OML/cmm/m/it/10 unmodified\OT1/cmr/m/n/10 )\OML/cmm/m/it/10 microkernel:Wedothisbyreplicatingtheprivateanonymouspagefaultlatencyexperimentof[]; depictedinFigure\OT1/cmr/m/n/10 8\OML/cmm/m/it/10 of\OT1/cmr/m/n/10 \\OML/cmm/m/it/10 MicrokernelGoesGeneral \OT1/cmr/m/n/10 :
 []

<mpfl.png, id=5, 732.7375pt x 452.69125pt>
File: mpfl.png Graphic file (type png)
<use mpfl.png>
Package pdftex.def Info: mpfl.png  used on input line 43.
(pdftex.def)             Requested size: 732.73572pt x 452.69014pt.
[1

{/var/lib/texmf/fonts/map/pdftex/updmap/pdftex.map}
pdfTeX warning (ext4): destination with the same identifier (name{figure.1}) has been already used, duplicate ignored
<argument> ...shipout:D \box_use:N \l_shipout_box 
                                                  \__shipout_drop_firstpage_...
l.49 \autoref{
              lionsos-mpfl} shows our benchmarking of page fault latency whi... <./mpfl-hm.png (PNG copy)>]

LaTeX Warning: Reference `lionsos-mpfl' on page 2 undefined on input line 49.


LaTeX Warning: Reference `mpfl-hm' on page 2 undefined on input line 49.


Overfull \hbox (0.30609pt too wide) in paragraph at lines 49--52
[] \OT1/cmr/m/n/10 shows our bench-mark-ing of page fault la-tency which fol-lows the same method-
 []


LaTeX Warning: Reference `mpfl-hm' on page 2 undefined on input line 68.

[2
pdfTeX warning (ext4): destination with the same identifier (name{figure.2}) has been already used, duplicate ignored
<argument> ...shipout:D \box_use:N \l_shipout_box 
                                                  \__shipout_drop_firstpage_...
l.69 
      <./mpfl.png>]

LaTeX Warning: Reference `lionsos-mpfl' on page 3 undefined on input line 70.


LaTeX Warning: Reference `lionsos-mpfl' on page 3 undefined on input line 74.

/home/sklave/projects/simple_pager/lionsos/components/pager/documentation/writeup.tex:74: Undefined control sequence.
l.74 ...cessed pages. The slowdown cited by \citet
                                                  {Chen_JWLLLWHLYWYPX_24} is...
The control sequence at the end of the top line
of your error message was never \def'ed. If you have
misspelled it (e.g., `\hobx'), type `I' and the correct
spelling (e.g., `I\hbox'). Otherwise just continue,
and I'll forget about whatever was undefined.

/home/sklave/projects/simple_pager/lionsos/components/pager/documentation/writeup.tex:74: Missing $ inserted.
<inserted text> 
                $
l.74 ... pages. The slowdown cited by \citet{Chen_
                                                  JWLLLWHLYWYPX_24} is not a...
I've inserted a begin-math/end-math symbol since I think
you left one out. Proceed, with fingers crossed.

/home/sklave/projects/simple_pager/lionsos/components/pager/documentation/writeup.tex:74: Extra }, or forgotten $.
l.74 ...own cited by \citet{Chen_JWLLLWHLYWYPX_24}
                                                   is not as significant for...
I've deleted a group-closing symbol because it seems to be
spurious, as in `$x}$'. But perhaps the } is legitimate and
you forgot something else, as in `\hbox{$x}'. In such cases
the way to recover is to insert both the forgotten and the
deleted material, e.g., by typing `I$}'.

/home/sklave/projects/simple_pager/lionsos/components/pager/documentation/writeup.tex:75: Missing $ inserted.
<inserted text> 
                $
l.75 
     
I've inserted a begin-math/end-math symbol since I think
you left one out. Proceed, with fingers crossed.


Overfull \hbox (320.49445pt too wide) in paragraph at lines 74--75
\OT1/cmr/m/n/10 Chen$[]\OML/cmm/m/it/10 WLLLWHLYWYPX[]\OT1/cmr/m/n/10 4\OML/cmm/m/it/10 isnotassignificantforthereadcaseandforthewritecase; LionsOSachievesbetterperformance; contradictingtheirclaims:$ 
 []


LaTeX Warning: Reference `mpfl-hm' on page 3 undefined on input line 78.

/home/sklave/projects/simple_pager/lionsos/components/pager/documentation/writeup.tex:79: Undefined control sequence.
l.79 ...iled to match the measurements from \citet
                                                  {Chen_JWLLLWHLYWYPX_24}, a...
The control sequence at the end of the top line
of your error message was never \def'ed. If you have
misspelled it (e.g., `\hobx'), type `I' and the correct
spelling (e.g., `I\hbox'). Otherwise just continue,
and I'll forget about whatever was undefined.

/home/sklave/projects/simple_pager/lionsos/components/pager/documentation/writeup.tex:79: Missing $ inserted.
<inserted text> 
                $
l.79 ...o match the measurements from \citet{Chen_
                                                  JWLLLWHLYWYPX_24}, and her...
I've inserted a begin-math/end-math symbol since I think
you left one out. Proceed, with fingers crossed.

/home/sklave/projects/simple_pager/lionsos/components/pager/documentation/writeup.tex:79: Extra }, or forgotten $.
l.79 ...rements from \citet{Chen_JWLLLWHLYWYPX_24}
                                                  , and here are some weird ...
I've deleted a group-closing symbol because it seems to be
spurious, as in `$x}$'. But perhaps the } is legitimate and
you forgot something else, as in `\hbox{$x}'. In such cases
the way to recover is to insert both the forgotten and the
deleted material, e.g., by typing `I$}'.

/home/sklave/projects/simple_pager/lionsos/components/pager/documentation/writeup.tex:80: Missing $ inserted.
<inserted text> 
                $
l.80 \begin{itemize}
                    
I've inserted a begin-math/end-math symbol since I think
you left one out. Proceed, with fingers crossed.

/home/sklave/projects/simple_pager/lionsos/components/pager/documentation/writeup.tex:80: Missing \endgroup inserted.
<inserted text> 
                \endgroup 
l.80 \begin{itemize}
                    
I've inserted something that you may have forgotten.
(See the <inserted text> above.)
With luck, this will get me unwedged. But if you
really didn't forget anything, try typing `2' now; then
my insertion and my current dilemma will both disappear.


Overfull \hbox (232.50563pt too wide) in paragraph at lines 79--80
\OT1/cmr/m/n/10 I failed to match the mea-sure-ments from Chen$[]\OML/cmm/m/it/10 WLLLWHLYWYPX[]\OT1/cmr/m/n/10 4\OML/cmm/m/it/10 ; andherearesomeweirdthingsIhavenoticedthatconfuseme \OT1/cmr/m/n/10 :$ 
 []


/home/sklave/projects/simple_pager/lionsos/components/pager/documentation/writeup.tex:81: LaTeX Error: Lonely \item--perhaps a missing list environment.

See the LaTeX manual or LaTeX Companion for explanation.
Type  H <return>  for immediate help.
 ...                                              
                                                  
l.81     \item K
                irin 9000 (little core) which is a cortex a55 at 2.05GHz is ...
Try typing  <return>  to proceed.
If that doesn't work, type  X <return>  to quit.


/home/sklave/projects/simple_pager/lionsos/components/pager/documentation/writeup.tex:82: LaTeX Error: Lonely \item--perhaps a missing list environment.

See the LaTeX manual or LaTeX Companion for explanation.
Type  H <return>  for immediate help.
 ...                                              
                                                  
l.82     \item F
                iasco.OC achieves around 1500ns latency per fault. This is 2...
Try typing  <return>  to proceed.
If that doesn't work, type  X <return>  to quit.


/home/sklave/projects/simple_pager/lionsos/components/pager/documentation/writeup.tex:83: LaTeX Error: Lonely \item--perhaps a missing list environment.

See the LaTeX manual or LaTeX Companion for explanation.
Type  H <return>  for immediate help.
 ...                                              
                                                  
l.83     \item \citet
                     {Chen_JWLLLWHLYWYPX_24} claims for seL4 that ``the roun...
Try typing  <return>  to proceed.
If that doesn't work, type  X <return>  to quit.

/home/sklave/projects/simple_pager/lionsos/components/pager/documentation/writeup.tex:83: Undefined control sequence.
<recently read> \citet 
                       
l.83     \item \citet
                     {Chen_JWLLLWHLYWYPX_24} claims for seL4 that ``the roun...
The control sequence at the end of the top line
of your error message was never \def'ed. If you have
misspelled it (e.g., `\hobx'), type `I' and the correct
spelling (e.g., `I\hbox'). Otherwise just continue,
and I'll forget about whatever was undefined.

/home/sklave/projects/simple_pager/lionsos/components/pager/documentation/writeup.tex:83: Missing $ inserted.
<inserted text> 
                $
l.83     \item \citet{Chen_
                           JWLLLWHLYWYPX_24} claims for seL4 that ``the roun...
I've inserted a begin-math/end-math symbol since I think
you left one out. Proceed, with fingers crossed.

/home/sklave/projects/simple_pager/lionsos/components/pager/documentation/writeup.tex:83: Extra }, or forgotten $.
l.83     \item \citet{Chen_JWLLLWHLYWYPX_24}
                                             claims for seL4 that ``the roun...
I've deleted a group-closing symbol because it seems to be
spurious, as in `$x}$'. But perhaps the } is legitimate and
you forgot something else, as in `\hbox{$x}'. In such cases
the way to recover is to insert both the forgotten and the
deleted material, e.g., by typing `I$}'.


/home/sklave/projects/simple_pager/lionsos/components/pager/documentation/writeup.tex:84: LaTeX Error: Command \end{document} invalid in math mode.

See the LaTeX manual or LaTeX Companion for explanation.
Type  H <return>  for immediate help.
 ...                                              
                                                  
l.84 \end{itemize}
                  
Try typing  <return>  to proceed.
If that doesn't work, type  X <return>  to quit.

/home/sklave/projects/simple_pager/lionsos/components/pager/documentation/writeup.tex:84: Missing $ inserted.
<inserted text> 
                $
l.84 \end{itemize}
                  
I've inserted a begin-math/end-math symbol since I think
you left one out. Proceed, with fingers crossed.


Overfull \hbox (705.32355pt too wide) in paragraph at lines 83--84
[]\OT1/cmr/m/n/10 Chen$[]\OML/cmm/m/it/10 WLLLWHLYWYPX[]\OT1/cmr/m/n/10 4\OML/cmm/m/it/10 claimsforseL\OT1/cmr/m/n/10 4\OML/cmm/m/it/10 that\OT1/cmr/m/n/10 \\OML/cmm/m/it/10 theround \OMS/cmsy/m/n/10 ^^@ \OML/cmm/m/it/10 trip\OT1/cmr/m/n/10 (\OML/cmm/m/it/10 tothepager\OT1/cmr/m/n/10 )\OML/cmm/m/it/10 offaulthandlingtakesabout\OT1/cmr/m/n/10 140\OML/cmm/m/it/10 nsonPi\OT1/cmr/m/n/10 4\OML/cmm/m/it/10 b\OT1/cmr/m/n/10 (\OML/cmm/m/it/10 measuredusingsel\OT1/cmr/m/n/10 4\OML/cmm/m/it/10 bench\OT1/cmr/m/n/10 )\OML/cmm/m/it/10 ; whichmakesitsignificantlyslowerthanLinux:[]Thisisastrangeclaimtomeasaround \OMS/cmsy/m/n/10 ^^@
 []


Overfull \hbox (70.33936pt too wide) in paragraph at lines 83--84
\OML/cmm/m/it/10 tripIPCfastpathonseL\OT1/cmr/m/n/10 4\OML/cmm/m/it/10 onArmv\OT1/cmr/m/n/10 8\OML/cmm/m/it/10 atakesaround\OT1/cmr/m/n/10 1000\OML/cmm/m/it/10 cycles; notthe\OT1/cmr/m/n/10 210\OML/cmm/m/it/10 cyclesclaimedhere:
 []


Underfull \hbox (badness 10000) in paragraph at lines 83--84

 []


/home/sklave/projects/simple_pager/lionsos/components/pager/documentation/writeup.tex:84: LaTeX Error: \begin{document} ended by \end{itemize}.

See the LaTeX manual or LaTeX Companion for explanation.
Type  H <return>  for immediate help.
 ...                                              
                                                  
l.84 \end{itemize}
                  
Your command was ignored.
Type  I <command> <return>  to replace it with another command,
or  <return>  to continue without it.

/home/sklave/projects/simple_pager/lionsos/components/pager/documentation/writeup.tex:84: Missing } inserted.
<inserted text> 
                }
l.84 \end{itemize}
                  
I've inserted something that you may have forgotten.
(See the <inserted text> above.)
With luck, this will get me unwedged. But if you
really didn't forget anything, try typing `2' now; then
my insertion and my current dilemma will both disappear.

/home/sklave/projects/simple_pager/lionsos/components/pager/documentation/writeup.tex:84: Missing } inserted.
<inserted text> 
                }
l.84 \end{itemize}
                  
I've inserted something that you may have forgotten.
(See the <inserted text> above.)
With luck, this will get me unwedged. But if you
really didn't forget anything, try typing `2' now; then
my insertion and my current dilemma will both disappear.

/home/sklave/projects/simple_pager/lionsos/components/pager/documentation/writeup.tex:84: Missing } inserted.
<inserted text> 
                }
l.84 \end{itemize}
                  
I've inserted something that you may have forgotten.
(See the <inserted text> above.)
With luck, this will get me unwedged. But if you
really didn't forget anything, try typing `2' now; then
my insertion and my current dilemma will both disappear.

/home/sklave/projects/simple_pager/lionsos/components/pager/documentation/writeup.tex:84: Missing } inserted.
<inserted text> 
                }
l.84 \end{itemize}
                  
I've inserted something that you may have forgotten.
(See the <inserted text> above.)
With luck, this will get me unwedged. But if you
really didn't forget anything, try typing `2' now; then
my insertion and my current dilemma will both disappear.

/home/sklave/projects/simple_pager/lionsos/components/pager/documentation/writeup.tex:84: Missing } inserted.
<inserted text> 
                }
l.84 \end{itemize}
                  
I've inserted something that you may have forgotten.
(See the <inserted text> above.)
With luck, this will get me unwedged. But if you
really didn't forget anything, try typing `2' now; then
my insertion and my current dilemma will both disappear.

/home/sklave/projects/simple_pager/lionsos/components/pager/documentation/writeup.tex:84: Missing } inserted.
<inserted text> 
                }
l.84 \end{itemize}
                  
I've inserted something that you may have forgotten.
(See the <inserted text> above.)
With luck, this will get me unwedged. But if you
really didn't forget anything, try typing `2' now; then
my insertion and my current dilemma will both disappear.

/home/sklave/projects/simple_pager/lionsos/components/pager/documentation/writeup.tex:84: Missing } inserted.
<inserted text> 
                }
l.84 \end{itemize}
                  
I've inserted something that you may have forgotten.
(See the <inserted text> above.)
With luck, this will get me unwedged. But if you
really didn't forget anything, try typing `2' now; then
my insertion and my current dilemma will both disappear.

/home/sklave/projects/simple_pager/lionsos/components/pager/documentation/writeup.tex:84: Extra \endgroup.
<recently read> \endgroup 
                          
l.84 \end{itemize}
                  
Things are pretty mixed up, but I think the worst is over.

(./writeup.bbl) [3] (./writeup.aux)
 ***********
LaTeX2e <2025-11-01>
L3 programming layer <2026-01-19>
 ***********


LaTeX Warning: There were undefined references.


LaTeX Warning: Label(s) may have changed. Rerun to get cross-references right.


Package rerunfilecheck Warning: File `writeup.out' has changed.
(rerunfilecheck)                Rerun to get outlines right
(rerunfilecheck)                or use package `bookmark'.

Package rerunfilecheck Info: Checksums for `writeup.out':
(rerunfilecheck)             Before: <no file>
(rerunfilecheck)             After:  1781C56D813D232F2E8FCB9F888887DE;920.
 ) 
Here is how much of TeX's memory you used:
 8483 strings out of 469515
 130196 string characters out of 5470807
 542666 words of memory out of 5000000
 37061 multiletter control sequences out of 15000+600000
 629753 words of font info for 47 fonts, out of 8000000 for 9000
 14 hyphenation exceptions out of 8191
 75i,7n,79p,681b,642s stack positions out of 10000i,1000n,20000p,200000b,200000s
</usr/share/texmf-dist/fonts/type1/public/amsfonts/cm/cmbx10.pfb></usr/share/texmf-dist/fonts/type1/public/amsfonts/cm/cmbx12.pfb></usr/share/texmf-dist/fonts/type1/public/amsfonts/cm/cmmi10.pfb></usr/share/texmf-dist/fonts/type1/public/amsfonts/cm/cmmi7.pfb></usr/share/texmf-dist/fonts/type1/public/amsfonts/cm/cmr10.pfb></usr/share/texmf-dist/fonts/type1/public/amsfonts/cm/cmr7.pfb></usr/share/texmf-dist/fonts/type1/public/amsfonts/cm/cmsy10.pfb></usr/share/texmf-dist/fonts/type1/public/amsfonts/cm/cmsy7.pfb></usr/share/texmf-dist/fonts/type1/public/amsfonts/cm/cmti10.pfb></usr/share/texmf-dist/fonts/type1/public/amsfonts/cm/cmtt10.pfb>
Output written on writeup.pdf (3 pages, 365935 bytes).
PDF statistics:
 91 PDF objects out of 1000 (max. 8388607)
 62 compressed objects within 1 object stream
 17 named destinations out of 1000 (max. 500000)
 11 words of extra memory for PDF output out of 10000 (max. 10000000)

